// Jest Snapshot v1, https://goo.gl/fbAQLP

exports[`<SelectItem /> should render component 1`] = `
<div
  className="MuiFormControl-root-4 Component-formControl-1"
>
  <label
    className="MuiFormLabel-root-19 MuiFormLabel-filled-23 MuiInputLabel-root-8 MuiInputLabel-formControl-13 MuiInputLabel-animated-16 MuiInputLabel-shrink-15 Component-label-2"
    data-shrink={true}
    htmlFor="id-name"
  >
    title
  </label>
  <div
    className="MuiInputBase-root-46 MuiInput-root-33 MuiInput-underline-37 MuiInputBase-formControl-47 MuiInput-formControl-34 Component-select-3"
    onClick={[Function]}
  >
    <div
      className="MuiSelect-root-26"
    >
      <div
        aria-haspopup="true"
        aria-pressed="false"
        className="MuiSelect-select-27 MuiSelect-selectMenu-30 MuiInputBase-input-56 MuiInput-input-41"
        id="select-name"
        onBlur={[Function]}
        onClick={[Function]}
        onFocus={[Function]}
        onKeyDown={[Function]}
        role="button"
        tabIndex={0}
      >
        <span
          dangerouslySetInnerHTML={
            Object {
              "__html": "&#8203;",
            }
          }
        />
      </div>
      <input
        id="id-name"
        name="name"
        type="hidden"
        value="value"
      />
      <svg
        aria-hidden="true"
        className="MuiSvgIcon-root-63 MuiSelect-icon-32"
        focusable="false"
        role="presentation"
        viewBox="0 0 24 24"
      >
        <path
          d="M7 10l5 5 5-5z"
        />
      </svg>
    </div>
  </div>
</div>
`;
