// Jest Snapshot v1, https://goo.gl/fbAQLP

exports[`<Frame /> should render component when exist navigation 1`] = `
<div>
  <header
    className="sc-bwzfXH kabzOD"
  >
    <h1
      className="sc-htpNat iTzsdR"
    >
      百人一首 - 
      This is subtitle
       -
    </h1>
  </header>
  <div
    className="sc-gzVnrw jdRdke"
  />
  <nav
    className="sc-EHOje iVKSta"
  >
    <span
      className="sc-bZQynM jmnWoK"
    >
      <div
        className="sc-bdVaJa gNYCTH"
        onMouseDown={[Function]}
        onMouseUp={[Function]}
      >
        <a
          color="#fff"
          href="/training"
          onClick={[Function]}
          style={
            Object {
              "width": "100%",
            }
          }
        >
          <i
            className="material-icons sc-ifAKCX hrwKKP"
          >
            create
          </i>
        </a>
      </div>
    </span>
    <span
      className="sc-bZQynM jmnWoK"
    >
      <div
        className="sc-bdVaJa gNYCTH"
        onMouseDown={[Function]}
        onMouseUp={[Function]}
      >
        <a
          color="#fff"
          href="/exam"
          onClick={[Function]}
          style={
            Object {
              "width": "100%",
            }
          }
        >
          <i
            className="material-icons sc-ifAKCX iiZnFL"
          >
            note
          </i>
        </a>
      </div>
    </span>
    <span
      className="sc-bZQynM jmnWoK"
    >
      <div
        className="sc-bdVaJa gNYCTH"
        onMouseDown={[Function]}
        onMouseUp={[Function]}
      >
        <a
          color="#fff"
          href="/karutas"
          onClick={[Function]}
          style={
            Object {
              "width": "100%",
            }
          }
        >
          <i
            className="material-icons sc-ifAKCX ihzbNI"
          >
            library_books
          </i>
        </a>
      </div>
    </span>
    <span
      className="sc-bZQynM jmnWoK"
    >
      <div
        className="sc-bdVaJa gNYCTH"
        onMouseDown={[Function]}
        onMouseUp={[Function]}
      >
        <a
          color="#fff"
          href="/about"
          onClick={[Function]}
          style={
            Object {
              "width": "100%",
            }
          }
        >
          <i
            className="material-icons sc-ifAKCX jzZElc"
          >
            settings
          </i>
        </a>
      </div>
    </span>
  </nav>
</div>
`;

exports[`<Frame /> should render component when not exist navigation 1`] = `
<div>
  <header
    className="sc-bwzfXH kabzOD"
  >
    <h1
      className="sc-htpNat iTzsdR"
    >
      百人一首 - 
      This is subtitle
       -
    </h1>
  </header>
  <div
    className="sc-gzVnrw dWyeKG"
  />
</div>
`;
