// Jest Snapshot v1, https://goo.gl/fbAQLP

exports[`<KarutaListSection /> should render component 1`] = `
<section
  className="sc-htoDjs gFSeai"
>
  <h1
    className="sc-bdVaJa fXsTJn"
  >
    歌一覧
  </h1>
  <div
    className="sc-gzVnrw iKENGW"
  >
    <div
      className="sc-bwzfXH epKFfr"
      onClick={[Function]}
    >
      <div
        className="sc-htpNat btqCfC"
      >
        <div
          className="sc-ifAKCX gXBqWv"
        >
          一番
        </div>
        <img
          alt="一番"
          src="karuta_001.jpg"
          style={
            Object {
              "width": 40,
            }
          }
        />
      </div>
      <div
        className="sc-bxivhb jdZxpC"
      >
        <div
          className="sc-EHOje kLbaUi"
        >
          初句 二句 三句
        </div>
        <div
          className="sc-EHOje kLbaUi"
        >
          四句 五句
        </div>
        <div
          className="sc-bZQynM fvXZAg"
        >
          詠み手
        </div>
      </div>
    </div>
    <div
      className="sc-bwzfXH epKFfr"
      onClick={[Function]}
    >
      <div
        className="sc-htpNat btqCfC"
      >
        <div
          className="sc-ifAKCX gXBqWv"
        >
          二番
        </div>
        <img
          alt="二番"
          src="karuta_002.jpg"
          style={
            Object {
              "width": 40,
            }
          }
        />
      </div>
      <div
        className="sc-bxivhb jdZxpC"
      >
        <div
          className="sc-EHOje kLbaUi"
        >
          初句 二句 三句
        </div>
        <div
          className="sc-EHOje kLbaUi"
        >
          四句 五句
        </div>
        <div
          className="sc-bZQynM fvXZAg"
        >
          詠み手
        </div>
      </div>
    </div>
  </div>
</section>
`;
