// Jest Snapshot v1, https://goo.gl/fbAQLP

exports[`<KarutaList /> should render component 1`] = `
<div
  className="sc-bZQynM dczuRC"
>
  <div
    className="sc-bdVaJa dzVtvu"
    onClick={[Function]}
  >
    <div
      className="sc-bwzfXH fnStwP"
    >
      <div
        className="sc-bxivhb ivoHNN"
      >
        一番
      </div>
      <img
        alt="一番"
        src="karuta_001.jpg"
        style={
          Object {
            "width": 40,
          }
        }
      />
    </div>
    <div
      className="sc-htpNat Cyytt"
    >
      <div
        className="sc-ifAKCX TiiUY"
      >
        初句 二句 三句
      </div>
      <div
        className="sc-ifAKCX TiiUY"
      >
        四句 五句
      </div>
      <div
        className="sc-EHOje kQvhir"
      >
        詠み手
      </div>
    </div>
  </div>
  <div
    className="sc-bdVaJa dzVtvu"
    onClick={[Function]}
  >
    <div
      className="sc-bwzfXH fnStwP"
    >
      <div
        className="sc-bxivhb ivoHNN"
      >
        二番
      </div>
      <img
        alt="二番"
        src="karuta_002.jpg"
        style={
          Object {
            "width": 40,
          }
        }
      />
    </div>
    <div
      className="sc-htpNat Cyytt"
    >
      <div
        className="sc-ifAKCX TiiUY"
      >
        初句 二句 三句
      </div>
      <div
        className="sc-ifAKCX TiiUY"
      >
        四句 五句
      </div>
      <div
        className="sc-EHOje kQvhir"
      >
        詠み手
      </div>
    </div>
  </div>
</div>
`;
