// Jest Snapshot v1, https://goo.gl/fbAQLP

exports[`<YomiFudaView /> should render component 1`] = `
<div
  className="sc-bdVaJa fLVCVI"
>
  <div
    className="sc-bwzfXH eJMUYF"
  >
    <div
      className="sc-htpNat jzLbZs"
    >
      初句
    </div>
    <div
      className="sc-bxivhb jWORiK"
    >
      二句
    </div>
    <div
      className="sc-ifAKCX kznmZk"
    >
      三句
    </div>
  </div>
</div>
`;
