// Jest Snapshot v1, https://goo.gl/fbAQLP

exports[`<ToriFudaView /> should render component 1`] = `
<div
  className="sc-bdVaJa gMhnDS"
  onMouseDown={[Function]}
>
  <div
    className="sc-htpNat cpToyO"
    color="#a9a9a980"
    onClick={[Function]}
    style={undefined}
  >
    <div
      className="sc-bxivhb hPDDfp"
    >
      <div
        className="sc-ifAKCX iCWodm"
      >
        よんく
      </div>
      <div
        className="sc-EHOje jmfmDY"
      >
        ごく
      </div>
    </div>
  </div>
</div>
`;
