// Jest Snapshot v1, https://goo.gl/fbAQLP

exports[`<ToriFudaView /> should render component 1`] = `
<div
  className="sc-bdVaJa gNYCTH"
  onMouseDown={[Function]}
  onMouseUp={[Function]}
>
  <div
    className="sc-bwzfXH kTKPRr"
    color="#fff"
    onClick={[Function]}
    style={undefined}
  >
    <div
      className="sc-htpNat eaelvy"
    >
      <div
        className="sc-bxivhb jdcWeR"
      >
        よんく
      </div>
      <div
        className="sc-ifAKCX hUehyx"
      >
        ごく
      </div>
    </div>
  </div>
</div>
`;
