// Jest Snapshot v1, https://goo.gl/fbAQLP

exports[`<SelectRangeFromTo /> should render component 1`] = `
<div
  className="MuiFormControl-root-3 Component-formControl-1"
>
  <label
    className="sc-bwzfXH jjTplH"
  >
    出題範囲
  </label>
  <div
    className="sc-bdVaJa grbsvW"
  >
    <div
      className="MuiInputBase-root-27 MuiInput-root-14 MuiInput-underline-18 MuiInputBase-formControl-28 MuiInput-formControl-15 Component-select-2"
      onClick={[Function]}
    >
      <div
        className="MuiSelect-root-7"
      >
        <div
          aria-haspopup="true"
          aria-pressed="false"
          className="MuiSelect-select-8 MuiSelect-selectMenu-11 MuiInputBase-input-37 MuiInput-input-22"
          id="select-rangeFrom"
          onBlur={[Function]}
          onClick={[Function]}
          onFocus={[Function]}
          onKeyDown={[Function]}
          role="button"
          tabIndex={0}
        >
          <span
            dangerouslySetInnerHTML={
              Object {
                "__html": "&#8203;",
              }
            }
          />
        </div>
        <input
          id="id-range-from"
          name="rangeFrom"
          type="hidden"
          value="from"
        />
        <svg
          aria-hidden="true"
          className="MuiSvgIcon-root-44 MuiSelect-icon-13"
          focusable="false"
          role="presentation"
          viewBox="0 0 24 24"
        >
          <path
            d="M7 10l5 5 5-5z"
          />
        </svg>
      </div>
    </div>
    <span
      className="sc-htpNat dDpdjb"
    >
      〜
    </span>
    <div
      className="MuiInputBase-root-27 MuiInput-root-14 MuiInput-underline-18 MuiInputBase-formControl-28 MuiInput-formControl-15 Component-select-2"
      onClick={[Function]}
    >
      <div
        className="MuiSelect-root-7"
      >
        <div
          aria-haspopup="true"
          aria-pressed="false"
          className="MuiSelect-select-8 MuiSelect-selectMenu-11 MuiInputBase-input-37 MuiInput-input-22"
          id="select-rangeTo"
          onBlur={[Function]}
          onClick={[Function]}
          onFocus={[Function]}
          onKeyDown={[Function]}
          role="button"
          tabIndex={0}
        >
          <span
            dangerouslySetInnerHTML={
              Object {
                "__html": "&#8203;",
              }
            }
          />
        </div>
        <input
          id="id-range-to"
          name="rangeTo"
          type="hidden"
          value="to"
        />
        <svg
          aria-hidden="true"
          className="MuiSvgIcon-root-44 MuiSelect-icon-13"
          focusable="false"
          role="presentation"
          viewBox="0 0 24 24"
        >
          <path
            d="M7 10l5 5 5-5z"
          />
        </svg>
      </div>
    </div>
  </div>
</div>
`;
