// Jest Snapshot v1, https://goo.gl/fbAQLP

exports[`<TrainingMenuSection /> should render component 1`] = `
<section
  className="sc-iwsKbI ffxTqr"
>
  <h1
    className="sc-dnqmqq ieCHlg"
  >
    出題設定
  </h1>
  <form
    onSubmit={[Function]}
  >
    <div
      className="sc-bxivhb fVdtmn"
    >
      出題範囲
      <div
        className="sc-ifAKCX cCktqy"
      >
        <label
          className="bp3-label"
        >
          <div
            className="bp3-select bp3-large sc-EHOje clhbsb"
          >
            <select
              name="rangeFrom"
              onBlur={[Function]}
              onChange={[Function]}
              value="1"
            >
              <option
                value={1}
              >
                一番
              </option>
              <option
                value={11}
              >
                十一番
              </option>
              <option
                value={21}
              >
                二十一番
              </option>
              <option
                value={31}
              >
                三十一番
              </option>
              <option
                value={41}
              >
                四十一番
              </option>
              <option
                value={51}
              >
                五十一番
              </option>
              <option
                value={61}
              >
                六十一番
              </option>
              <option
                value={71}
              >
                七十一番
              </option>
              <option
                value={81}
              >
                八十一番
              </option>
              <option
                value={91}
              >
                九十一番
              </option>
            </select>
          </div>
        </label>
        <span
          className="sc-bZQynM coxNCW"
        >
          〜
        </span>
        <label
          className="bp3-label"
        >
          <div
            className="bp3-select bp3-large sc-EHOje clhbsb"
          >
            <select
              name="rangeTo"
              onBlur={[Function]}
              onChange={[Function]}
              value="100"
            >
              <option
                value={10}
              >
                十番
              </option>
              <option
                value={20}
              >
                二十番
              </option>
              <option
                value={30}
              >
                三十番
              </option>
              <option
                value={40}
              >
                四十番
              </option>
              <option
                value={50}
              >
                五十番
              </option>
              <option
                value={60}
              >
                六十番
              </option>
              <option
                value={70}
              >
                七十番
              </option>
              <option
                value={80}
              >
                八十番
              </option>
              <option
                value={90}
              >
                九十番
              </option>
              <option
                value={100}
              >
                百番
              </option>
            </select>
          </div>
        </label>
      </div>
    </div>
    <label
      className="bp3-label sc-bdVaJa jhRYkF"
    >
      決まり字
      <div
        className="sc-bwzfXH hyXkXP"
      >
        <div
          className="bp3-select bp3-large sc-htpNat daVAfG"
        >
          <select
            name="kimariji"
            onBlur={[Function]}
            onChange={[Function]}
            value="1"
          >
            <option
              value={0}
            >
              指定しない
            </option>
            <option
              value={1}
            >
              一字決まり
            </option>
            <option
              value={2}
            >
              二字決まり
            </option>
            <option
              value={3}
            >
              三字決まり
            </option>
            <option
              value={4}
            >
              四字決まり
            </option>
            <option
              value={5}
            >
              五字決まり
            </option>
            <option
              value={6}
            >
              六字決まり
            </option>
          </select>
        </div>
      </div>
    </label>
    <label
      className="bp3-label sc-bdVaJa jhRYkF"
    >
      五色
      <div
        className="sc-bwzfXH hyXkXP"
      >
        <div
          className="bp3-select bp3-large sc-htpNat daVAfG"
        >
          <select
            name="color"
            onBlur={[Function]}
            onChange={[Function]}
            value=""
          >
            <option
              value=""
            >
              指定しない
            </option>
            <option
              value="blue"
            >
              青色
            </option>
            <option
              value="pink"
            >
              桃色
            </option>
            <option
              value="yellow"
            >
              黄色
            </option>
            <option
              value="green"
            >
              緑色
            </option>
            <option
              value="orange"
            >
              橙色
            </option>
          </select>
        </div>
      </div>
    </label>
    <label
      className="bp3-label sc-bdVaJa jhRYkF"
    >
      上の句
      <div
        className="sc-bwzfXH hyXkXP"
      >
        <div
          className="bp3-select bp3-large sc-htpNat daVAfG"
        >
          <select
            name="kamiNoKuStyle"
            onBlur={[Function]}
            onChange={[Function]}
            value="0"
          >
            <option
              value={0}
            >
              漢字と仮名で表示
            </option>
            <option
              value={1}
            >
              すべて仮名で表示
            </option>
          </select>
        </div>
      </div>
    </label>
    <label
      className="bp3-label sc-bdVaJa jhRYkF"
    >
      下の句
      <div
        className="sc-bwzfXH hyXkXP"
      >
        <div
          className="bp3-select bp3-large sc-htpNat daVAfG"
        >
          <select
            name="shimoNoKuStyle"
            onBlur={[Function]}
            onChange={[Function]}
            value="1"
          >
            <option
              value={0}
            >
              漢字と仮名で表示
            </option>
            <option
              value={1}
            >
              すべて仮名で表示
            </option>
          </select>
        </div>
      </div>
    </label>
    <button
      className="bp3-button bp3-intent-primary bp3-large bp3-icon-edit sc-htoDjs hftCed"
      type="submit"
    >
      練習をはじめる
    </button>
  </form>
</section>
`;
