// Jest Snapshot v1, https://goo.gl/fbAQLP

exports[`<ExamQuestions /> mapStateToProps should convert state to props 1`] = `
Object {
  "answer": Object {
    "correct": true,
    "karutaNo": 1,
    "questionId": 1,
    "time": 1000000,
  },
  "currentPosition": 1,
  "karutas": Array [
    Object {
      "color": "blue",
      "creator": "詠み手",
      "fifthKana": "ごく",
      "fifthKanji": "五句",
      "firstKana": "しょく",
      "firstKanji": "初句",
      "fourthKana": "よんく",
      "fourthKanji": "四句",
      "id": "1",
      "imageNo": "001",
      "kimariji": 1,
      "no": 1,
      "secondKana": "にく",
      "secondKanji": "二句",
      "thirdKana": "さんく",
      "thirdKanji": "三句",
      "translation": "歌の訳",
    },
    Object {
      "color": "blue",
      "creator": "詠み手",
      "fifthKana": "ごく",
      "fifthKanji": "五句",
      "firstKana": "しょく",
      "firstKanji": "初句",
      "fourthKana": "よんく",
      "fourthKanji": "四句",
      "id": "2",
      "imageNo": "001",
      "kimariji": 2,
      "no": 2,
      "secondKana": "にく",
      "secondKanji": "二句",
      "thirdKana": "さんく",
      "thirdKanji": "三句",
      "translation": "歌の訳",
    },
    Object {
      "color": "blue",
      "creator": "詠み手",
      "fifthKana": "ごく",
      "fifthKanji": "五句",
      "firstKana": "しょく",
      "firstKanji": "初句",
      "fourthKana": "よんく",
      "fourthKanji": "四句",
      "id": "3",
      "imageNo": "001",
      "kimariji": 3,
      "no": 3,
      "secondKana": "にく",
      "secondKanji": "二句",
      "thirdKana": "さんく",
      "thirdKanji": "三句",
      "translation": "歌の訳",
    },
    Object {
      "color": "blue",
      "creator": "詠み手",
      "fifthKana": "ごく",
      "fifthKanji": "五句",
      "firstKana": "しょく",
      "firstKanji": "初句",
      "fourthKana": "よんく",
      "fourthKanji": "四句",
      "id": "4",
      "imageNo": "001",
      "kimariji": 4,
      "no": 4,
      "secondKana": "にく",
      "secondKanji": "二句",
      "thirdKana": "さんく",
      "thirdKanji": "三句",
      "translation": "歌の訳",
    },
    Object {
      "color": "blue",
      "creator": "詠み手",
      "fifthKana": "ごく",
      "fifthKanji": "五句",
      "firstKana": "しょく",
      "firstKanji": "初句",
      "fourthKana": "よんく",
      "fourthKanji": "四句",
      "id": "5",
      "imageNo": "001",
      "kimariji": 5,
      "no": 5,
      "secondKana": "にく",
      "secondKanji": "二句",
      "thirdKana": "さんく",
      "thirdKanji": "三句",
      "translation": "歌の訳",
    },
    Object {
      "color": "blue",
      "creator": "詠み手",
      "fifthKana": "ごく",
      "fifthKanji": "五句",
      "firstKana": "しょく",
      "firstKanji": "初句",
      "fourthKana": "よんく",
      "fourthKanji": "四句",
      "id": "6",
      "imageNo": "001",
      "kimariji": 1,
      "no": 6,
      "secondKana": "にく",
      "secondKanji": "二句",
      "thirdKana": "さんく",
      "thirdKanji": "三句",
      "translation": "歌の訳",
    },
    Object {
      "color": "blue",
      "creator": "詠み手",
      "fifthKana": "ごく",
      "fifthKanji": "五句",
      "firstKana": "しょく",
      "firstKanji": "初句",
      "fourthKana": "よんく",
      "fourthKanji": "四句",
      "id": "7",
      "imageNo": "001",
      "kimariji": 2,
      "no": 7,
      "secondKana": "にく",
      "secondKanji": "二句",
      "thirdKana": "さんく",
      "thirdKanji": "三句",
      "translation": "歌の訳",
    },
    Object {
      "color": "blue",
      "creator": "詠み手",
      "fifthKana": "ごく",
      "fifthKanji": "五句",
      "firstKana": "しょく",
      "firstKanji": "初句",
      "fourthKana": "よんく",
      "fourthKanji": "四句",
      "id": "8",
      "imageNo": "001",
      "kimariji": 3,
      "no": 8,
      "secondKana": "にく",
      "secondKanji": "二句",
      "thirdKana": "さんく",
      "thirdKanji": "三句",
      "translation": "歌の訳",
    },
    Object {
      "color": "blue",
      "creator": "詠み手",
      "fifthKana": "ごく",
      "fifthKanji": "五句",
      "firstKana": "しょく",
      "firstKanji": "初句",
      "fourthKana": "よんく",
      "fourthKanji": "四句",
      "id": "9",
      "imageNo": "001",
      "kimariji": 4,
      "no": 9,
      "secondKana": "にく",
      "secondKanji": "二句",
      "thirdKana": "さんく",
      "thirdKanji": "三句",
      "translation": "歌の訳",
    },
    Object {
      "color": "blue",
      "creator": "詠み手",
      "fifthKana": "ごく",
      "fifthKanji": "五句",
      "firstKana": "しょく",
      "firstKanji": "初句",
      "fourthKana": "よんく",
      "fourthKanji": "四句",
      "id": "10",
      "imageNo": "001",
      "kimariji": 5,
      "no": 10,
      "secondKana": "にく",
      "secondKanji": "二句",
      "thirdKana": "さんく",
      "thirdKanji": "三句",
      "translation": "歌の訳",
    },
    Object {
      "color": "blue",
      "creator": "詠み手",
      "fifthKana": "ごく",
      "fifthKanji": "五句",
      "firstKana": "しょく",
      "firstKanji": "初句",
      "fourthKana": "よんく",
      "fourthKanji": "四句",
      "id": "11",
      "imageNo": "001",
      "kimariji": 1,
      "no": 11,
      "secondKana": "にく",
      "secondKanji": "二句",
      "thirdKana": "さんく",
      "thirdKanji": "三句",
      "translation": "歌の訳",
    },
    Object {
      "color": "blue",
      "creator": "詠み手",
      "fifthKana": "ごく",
      "fifthKanji": "五句",
      "firstKana": "しょく",
      "firstKanji": "初句",
      "fourthKana": "よんく",
      "fourthKanji": "四句",
      "id": "12",
      "imageNo": "001",
      "kimariji": 2,
      "no": 12,
      "secondKana": "にく",
      "secondKanji": "二句",
      "thirdKana": "さんく",
      "thirdKanji": "三句",
      "translation": "歌の訳",
    },
    Object {
      "color": "blue",
      "creator": "詠み手",
      "fifthKana": "ごく",
      "fifthKanji": "五句",
      "firstKana": "しょく",
      "firstKanji": "初句",
      "fourthKana": "よんく",
      "fourthKanji": "四句",
      "id": "13",
      "imageNo": "001",
      "kimariji": 3,
      "no": 13,
      "secondKana": "にく",
      "secondKanji": "二句",
      "thirdKana": "さんく",
      "thirdKanji": "三句",
      "translation": "歌の訳",
    },
    Object {
      "color": "blue",
      "creator": "詠み手",
      "fifthKana": "ごく",
      "fifthKanji": "五句",
      "firstKana": "しょく",
      "firstKanji": "初句",
      "fourthKana": "よんく",
      "fourthKanji": "四句",
      "id": "14",
      "imageNo": "001",
      "kimariji": 4,
      "no": 14,
      "secondKana": "にく",
      "secondKanji": "二句",
      "thirdKana": "さんく",
      "thirdKanji": "三句",
      "translation": "歌の訳",
    },
    Object {
      "color": "blue",
      "creator": "詠み手",
      "fifthKana": "ごく",
      "fifthKanji": "五句",
      "firstKana": "しょく",
      "firstKanji": "初句",
      "fourthKana": "よんく",
      "fourthKanji": "四句",
      "id": "15",
      "imageNo": "001",
      "kimariji": 5,
      "no": 15,
      "secondKana": "にく",
      "secondKanji": "二句",
      "thirdKana": "さんく",
      "thirdKanji": "三句",
      "translation": "歌の訳",
    },
    Object {
      "color": "blue",
      "creator": "詠み手",
      "fifthKana": "ごく",
      "fifthKanji": "五句",
      "firstKana": "しょく",
      "firstKanji": "初句",
      "fourthKana": "よんく",
      "fourthKanji": "四句",
      "id": "16",
      "imageNo": "001",
      "kimariji": 1,
      "no": 16,
      "secondKana": "にく",
      "secondKanji": "二句",
      "thirdKana": "さんく",
      "thirdKanji": "三句",
      "translation": "歌の訳",
    },
    Object {
      "color": "blue",
      "creator": "詠み手",
      "fifthKana": "ごく",
      "fifthKanji": "五句",
      "firstKana": "しょく",
      "firstKanji": "初句",
      "fourthKana": "よんく",
      "fourthKanji": "四句",
      "id": "17",
      "imageNo": "001",
      "kimariji": 2,
      "no": 17,
      "secondKana": "にく",
      "secondKanji": "二句",
      "thirdKana": "さんく",
      "thirdKanji": "三句",
      "translation": "歌の訳",
    },
    Object {
      "color": "blue",
      "creator": "詠み手",
      "fifthKana": "ごく",
      "fifthKanji": "五句",
      "firstKana": "しょく",
      "firstKanji": "初句",
      "fourthKana": "よんく",
      "fourthKanji": "四句",
      "id": "18",
      "imageNo": "001",
      "kimariji": 3,
      "no": 18,
      "secondKana": "にく",
      "secondKanji": "二句",
      "thirdKana": "さんく",
      "thirdKanji": "三句",
      "translation": "歌の訳",
    },
    Object {
      "color": "blue",
      "creator": "詠み手",
      "fifthKana": "ごく",
      "fifthKanji": "五句",
      "firstKana": "しょく",
      "firstKanji": "初句",
      "fourthKana": "よんく",
      "fourthKanji": "四句",
      "id": "19",
      "imageNo": "001",
      "kimariji": 4,
      "no": 19,
      "secondKana": "にく",
      "secondKanji": "二句",
      "thirdKana": "さんく",
      "thirdKanji": "三句",
      "translation": "歌の訳",
    },
    Object {
      "color": "blue",
      "creator": "詠み手",
      "fifthKana": "ごく",
      "fifthKanji": "五句",
      "firstKana": "しょく",
      "firstKanji": "初句",
      "fourthKana": "よんく",
      "fourthKanji": "四句",
      "id": "20",
      "imageNo": "001",
      "kimariji": 5,
      "no": 20,
      "secondKana": "にく",
      "secondKanji": "二句",
      "thirdKana": "さんく",
      "thirdKanji": "三句",
      "translation": "歌の訳",
    },
    Object {
      "color": "pink",
      "creator": "詠み手",
      "fifthKana": "ごく",
      "fifthKanji": "五句",
      "firstKana": "しょく",
      "firstKanji": "初句",
      "fourthKana": "よんく",
      "fourthKanji": "四句",
      "id": "21",
      "imageNo": "001",
      "kimariji": 1,
      "no": 21,
      "secondKana": "にく",
      "secondKanji": "二句",
      "thirdKana": "さんく",
      "thirdKanji": "三句",
      "translation": "歌の訳",
    },
    Object {
      "color": "pink",
      "creator": "詠み手",
      "fifthKana": "ごく",
      "fifthKanji": "五句",
      "firstKana": "しょく",
      "firstKanji": "初句",
      "fourthKana": "よんく",
      "fourthKanji": "四句",
      "id": "22",
      "imageNo": "001",
      "kimariji": 2,
      "no": 22,
      "secondKana": "にく",
      "secondKanji": "二句",
      "thirdKana": "さんく",
      "thirdKanji": "三句",
      "translation": "歌の訳",
    },
    Object {
      "color": "pink",
      "creator": "詠み手",
      "fifthKana": "ごく",
      "fifthKanji": "五句",
      "firstKana": "しょく",
      "firstKanji": "初句",
      "fourthKana": "よんく",
      "fourthKanji": "四句",
      "id": "23",
      "imageNo": "001",
      "kimariji": 3,
      "no": 23,
      "secondKana": "にく",
      "secondKanji": "二句",
      "thirdKana": "さんく",
      "thirdKanji": "三句",
      "translation": "歌の訳",
    },
    Object {
      "color": "pink",
      "creator": "詠み手",
      "fifthKana": "ごく",
      "fifthKanji": "五句",
      "firstKana": "しょく",
      "firstKanji": "初句",
      "fourthKana": "よんく",
      "fourthKanji": "四句",
      "id": "24",
      "imageNo": "001",
      "kimariji": 4,
      "no": 24,
      "secondKana": "にく",
      "secondKanji": "二句",
      "thirdKana": "さんく",
      "thirdKanji": "三句",
      "translation": "歌の訳",
    },
    Object {
      "color": "pink",
      "creator": "詠み手",
      "fifthKana": "ごく",
      "fifthKanji": "五句",
      "firstKana": "しょく",
      "firstKanji": "初句",
      "fourthKana": "よんく",
      "fourthKanji": "四句",
      "id": "25",
      "imageNo": "001",
      "kimariji": 5,
      "no": 25,
      "secondKana": "にく",
      "secondKanji": "二句",
      "thirdKana": "さんく",
      "thirdKanji": "三句",
      "translation": "歌の訳",
    },
    Object {
      "color": "pink",
      "creator": "詠み手",
      "fifthKana": "ごく",
      "fifthKanji": "五句",
      "firstKana": "しょく",
      "firstKanji": "初句",
      "fourthKana": "よんく",
      "fourthKanji": "四句",
      "id": "26",
      "imageNo": "001",
      "kimariji": 1,
      "no": 26,
      "secondKana": "にく",
      "secondKanji": "二句",
      "thirdKana": "さんく",
      "thirdKanji": "三句",
      "translation": "歌の訳",
    },
    Object {
      "color": "pink",
      "creator": "詠み手",
      "fifthKana": "ごく",
      "fifthKanji": "五句",
      "firstKana": "しょく",
      "firstKanji": "初句",
      "fourthKana": "よんく",
      "fourthKanji": "四句",
      "id": "27",
      "imageNo": "001",
      "kimariji": 2,
      "no": 27,
      "secondKana": "にく",
      "secondKanji": "二句",
      "thirdKana": "さんく",
      "thirdKanji": "三句",
      "translation": "歌の訳",
    },
    Object {
      "color": "pink",
      "creator": "詠み手",
      "fifthKana": "ごく",
      "fifthKanji": "五句",
      "firstKana": "しょく",
      "firstKanji": "初句",
      "fourthKana": "よんく",
      "fourthKanji": "四句",
      "id": "28",
      "imageNo": "001",
      "kimariji": 3,
      "no": 28,
      "secondKana": "にく",
      "secondKanji": "二句",
      "thirdKana": "さんく",
      "thirdKanji": "三句",
      "translation": "歌の訳",
    },
    Object {
      "color": "pink",
      "creator": "詠み手",
      "fifthKana": "ごく",
      "fifthKanji": "五句",
      "firstKana": "しょく",
      "firstKanji": "初句",
      "fourthKana": "よんく",
      "fourthKanji": "四句",
      "id": "29",
      "imageNo": "001",
      "kimariji": 4,
      "no": 29,
      "secondKana": "にく",
      "secondKanji": "二句",
      "thirdKana": "さんく",
      "thirdKanji": "三句",
      "translation": "歌の訳",
    },
    Object {
      "color": "pink",
      "creator": "詠み手",
      "fifthKana": "ごく",
      "fifthKanji": "五句",
      "firstKana": "しょく",
      "firstKanji": "初句",
      "fourthKana": "よんく",
      "fourthKanji": "四句",
      "id": "30",
      "imageNo": "001",
      "kimariji": 5,
      "no": 30,
      "secondKana": "にく",
      "secondKanji": "二句",
      "thirdKana": "さんく",
      "thirdKanji": "三句",
      "translation": "歌の訳",
    },
    Object {
      "color": "pink",
      "creator": "詠み手",
      "fifthKana": "ごく",
      "fifthKanji": "五句",
      "firstKana": "しょく",
      "firstKanji": "初句",
      "fourthKana": "よんく",
      "fourthKanji": "四句",
      "id": "31",
      "imageNo": "001",
      "kimariji": 1,
      "no": 31,
      "secondKana": "にく",
      "secondKanji": "二句",
      "thirdKana": "さんく",
      "thirdKanji": "三句",
      "translation": "歌の訳",
    },
    Object {
      "color": "pink",
      "creator": "詠み手",
      "fifthKana": "ごく",
      "fifthKanji": "五句",
      "firstKana": "しょく",
      "firstKanji": "初句",
      "fourthKana": "よんく",
      "fourthKanji": "四句",
      "id": "32",
      "imageNo": "001",
      "kimariji": 2,
      "no": 32,
      "secondKana": "にく",
      "secondKanji": "二句",
      "thirdKana": "さんく",
      "thirdKanji": "三句",
      "translation": "歌の訳",
    },
    Object {
      "color": "pink",
      "creator": "詠み手",
      "fifthKana": "ごく",
      "fifthKanji": "五句",
      "firstKana": "しょく",
      "firstKanji": "初句",
      "fourthKana": "よんく",
      "fourthKanji": "四句",
      "id": "33",
      "imageNo": "001",
      "kimariji": 3,
      "no": 33,
      "secondKana": "にく",
      "secondKanji": "二句",
      "thirdKana": "さんく",
      "thirdKanji": "三句",
      "translation": "歌の訳",
    },
    Object {
      "color": "pink",
      "creator": "詠み手",
      "fifthKana": "ごく",
      "fifthKanji": "五句",
      "firstKana": "しょく",
      "firstKanji": "初句",
      "fourthKana": "よんく",
      "fourthKanji": "四句",
      "id": "34",
      "imageNo": "001",
      "kimariji": 4,
      "no": 34,
      "secondKana": "にく",
      "secondKanji": "二句",
      "thirdKana": "さんく",
      "thirdKanji": "三句",
      "translation": "歌の訳",
    },
    Object {
      "color": "pink",
      "creator": "詠み手",
      "fifthKana": "ごく",
      "fifthKanji": "五句",
      "firstKana": "しょく",
      "firstKanji": "初句",
      "fourthKana": "よんく",
      "fourthKanji": "四句",
      "id": "35",
      "imageNo": "001",
      "kimariji": 5,
      "no": 35,
      "secondKana": "にく",
      "secondKanji": "二句",
      "thirdKana": "さんく",
      "thirdKanji": "三句",
      "translation": "歌の訳",
    },
    Object {
      "color": "pink",
      "creator": "詠み手",
      "fifthKana": "ごく",
      "fifthKanji": "五句",
      "firstKana": "しょく",
      "firstKanji": "初句",
      "fourthKana": "よんく",
      "fourthKanji": "四句",
      "id": "36",
      "imageNo": "001",
      "kimariji": 1,
      "no": 36,
      "secondKana": "にく",
      "secondKanji": "二句",
      "thirdKana": "さんく",
      "thirdKanji": "三句",
      "translation": "歌の訳",
    },
    Object {
      "color": "pink",
      "creator": "詠み手",
      "fifthKana": "ごく",
      "fifthKanji": "五句",
      "firstKana": "しょく",
      "firstKanji": "初句",
      "fourthKana": "よんく",
      "fourthKanji": "四句",
      "id": "37",
      "imageNo": "001",
      "kimariji": 2,
      "no": 37,
      "secondKana": "にく",
      "secondKanji": "二句",
      "thirdKana": "さんく",
      "thirdKanji": "三句",
      "translation": "歌の訳",
    },
    Object {
      "color": "pink",
      "creator": "詠み手",
      "fifthKana": "ごく",
      "fifthKanji": "五句",
      "firstKana": "しょく",
      "firstKanji": "初句",
      "fourthKana": "よんく",
      "fourthKanji": "四句",
      "id": "38",
      "imageNo": "001",
      "kimariji": 3,
      "no": 38,
      "secondKana": "にく",
      "secondKanji": "二句",
      "thirdKana": "さんく",
      "thirdKanji": "三句",
      "translation": "歌の訳",
    },
    Object {
      "color": "pink",
      "creator": "詠み手",
      "fifthKana": "ごく",
      "fifthKanji": "五句",
      "firstKana": "しょく",
      "firstKanji": "初句",
      "fourthKana": "よんく",
      "fourthKanji": "四句",
      "id": "39",
      "imageNo": "001",
      "kimariji": 4,
      "no": 39,
      "secondKana": "にく",
      "secondKanji": "二句",
      "thirdKana": "さんく",
      "thirdKanji": "三句",
      "translation": "歌の訳",
    },
    Object {
      "color": "pink",
      "creator": "詠み手",
      "fifthKana": "ごく",
      "fifthKanji": "五句",
      "firstKana": "しょく",
      "firstKanji": "初句",
      "fourthKana": "よんく",
      "fourthKanji": "四句",
      "id": "40",
      "imageNo": "001",
      "kimariji": 5,
      "no": 40,
      "secondKana": "にく",
      "secondKanji": "二句",
      "thirdKana": "さんく",
      "thirdKanji": "三句",
      "translation": "歌の訳",
    },
    Object {
      "color": "pink",
      "creator": "詠み手",
      "fifthKana": "ごく",
      "fifthKanji": "五句",
      "firstKana": "しょく",
      "firstKanji": "初句",
      "fourthKana": "よんく",
      "fourthKanji": "四句",
      "id": "41",
      "imageNo": "001",
      "kimariji": 1,
      "no": 41,
      "secondKana": "にく",
      "secondKanji": "二句",
      "thirdKana": "さんく",
      "thirdKanji": "三句",
      "translation": "歌の訳",
    },
    Object {
      "color": "pink",
      "creator": "詠み手",
      "fifthKana": "ごく",
      "fifthKanji": "五句",
      "firstKana": "しょく",
      "firstKanji": "初句",
      "fourthKana": "よんく",
      "fourthKanji": "四句",
      "id": "42",
      "imageNo": "001",
      "kimariji": 2,
      "no": 42,
      "secondKana": "にく",
      "secondKanji": "二句",
      "thirdKana": "さんく",
      "thirdKanji": "三句",
      "translation": "歌の訳",
    },
    Object {
      "color": "pink",
      "creator": "詠み手",
      "fifthKana": "ごく",
      "fifthKanji": "五句",
      "firstKana": "しょく",
      "firstKanji": "初句",
      "fourthKana": "よんく",
      "fourthKanji": "四句",
      "id": "43",
      "imageNo": "001",
      "kimariji": 3,
      "no": 43,
      "secondKana": "にく",
      "secondKanji": "二句",
      "thirdKana": "さんく",
      "thirdKanji": "三句",
      "translation": "歌の訳",
    },
    Object {
      "color": "pink",
      "creator": "詠み手",
      "fifthKana": "ごく",
      "fifthKanji": "五句",
      "firstKana": "しょく",
      "firstKanji": "初句",
      "fourthKana": "よんく",
      "fourthKanji": "四句",
      "id": "44",
      "imageNo": "001",
      "kimariji": 4,
      "no": 44,
      "secondKana": "にく",
      "secondKanji": "二句",
      "thirdKana": "さんく",
      "thirdKanji": "三句",
      "translation": "歌の訳",
    },
    Object {
      "color": "pink",
      "creator": "詠み手",
      "fifthKana": "ごく",
      "fifthKanji": "五句",
      "firstKana": "しょく",
      "firstKanji": "初句",
      "fourthKana": "よんく",
      "fourthKanji": "四句",
      "id": "45",
      "imageNo": "001",
      "kimariji": 5,
      "no": 45,
      "secondKana": "にく",
      "secondKanji": "二句",
      "thirdKana": "さんく",
      "thirdKanji": "三句",
      "translation": "歌の訳",
    },
    Object {
      "color": "pink",
      "creator": "詠み手",
      "fifthKana": "ごく",
      "fifthKanji": "五句",
      "firstKana": "しょく",
      "firstKanji": "初句",
      "fourthKana": "よんく",
      "fourthKanji": "四句",
      "id": "46",
      "imageNo": "001",
      "kimariji": 1,
      "no": 46,
      "secondKana": "にく",
      "secondKanji": "二句",
      "thirdKana": "さんく",
      "thirdKanji": "三句",
      "translation": "歌の訳",
    },
    Object {
      "color": "pink",
      "creator": "詠み手",
      "fifthKana": "ごく",
      "fifthKanji": "五句",
      "firstKana": "しょく",
      "firstKanji": "初句",
      "fourthKana": "よんく",
      "fourthKanji": "四句",
      "id": "47",
      "imageNo": "001",
      "kimariji": 2,
      "no": 47,
      "secondKana": "にく",
      "secondKanji": "二句",
      "thirdKana": "さんく",
      "thirdKanji": "三句",
      "translation": "歌の訳",
    },
    Object {
      "color": "pink",
      "creator": "詠み手",
      "fifthKana": "ごく",
      "fifthKanji": "五句",
      "firstKana": "しょく",
      "firstKanji": "初句",
      "fourthKana": "よんく",
      "fourthKanji": "四句",
      "id": "48",
      "imageNo": "001",
      "kimariji": 3,
      "no": 48,
      "secondKana": "にく",
      "secondKanji": "二句",
      "thirdKana": "さんく",
      "thirdKanji": "三句",
      "translation": "歌の訳",
    },
    Object {
      "color": "pink",
      "creator": "詠み手",
      "fifthKana": "ごく",
      "fifthKanji": "五句",
      "firstKana": "しょく",
      "firstKanji": "初句",
      "fourthKana": "よんく",
      "fourthKanji": "四句",
      "id": "49",
      "imageNo": "001",
      "kimariji": 4,
      "no": 49,
      "secondKana": "にく",
      "secondKanji": "二句",
      "thirdKana": "さんく",
      "thirdKanji": "三句",
      "translation": "歌の訳",
    },
    Object {
      "color": "pink",
      "creator": "詠み手",
      "fifthKana": "ごく",
      "fifthKanji": "五句",
      "firstKana": "しょく",
      "firstKanji": "初句",
      "fourthKana": "よんく",
      "fourthKanji": "四句",
      "id": "50",
      "imageNo": "001",
      "kimariji": 5,
      "no": 50,
      "secondKana": "にく",
      "secondKanji": "二句",
      "thirdKana": "さんく",
      "thirdKanji": "三句",
      "translation": "歌の訳",
    },
    Object {
      "color": "pink",
      "creator": "詠み手",
      "fifthKana": "ごく",
      "fifthKanji": "五句",
      "firstKana": "しょく",
      "firstKanji": "初句",
      "fourthKana": "よんく",
      "fourthKanji": "四句",
      "id": "51",
      "imageNo": "001",
      "kimariji": 1,
      "no": 51,
      "secondKana": "にく",
      "secondKanji": "二句",
      "thirdKana": "さんく",
      "thirdKanji": "三句",
      "translation": "歌の訳",
    },
    Object {
      "color": "pink",
      "creator": "詠み手",
      "fifthKana": "ごく",
      "fifthKanji": "五句",
      "firstKana": "しょく",
      "firstKanji": "初句",
      "fourthKana": "よんく",
      "fourthKanji": "四句",
      "id": "52",
      "imageNo": "001",
      "kimariji": 2,
      "no": 52,
      "secondKana": "にく",
      "secondKanji": "二句",
      "thirdKana": "さんく",
      "thirdKanji": "三句",
      "translation": "歌の訳",
    },
    Object {
      "color": "pink",
      "creator": "詠み手",
      "fifthKana": "ごく",
      "fifthKanji": "五句",
      "firstKana": "しょく",
      "firstKanji": "初句",
      "fourthKana": "よんく",
      "fourthKanji": "四句",
      "id": "53",
      "imageNo": "001",
      "kimariji": 3,
      "no": 53,
      "secondKana": "にく",
      "secondKanji": "二句",
      "thirdKana": "さんく",
      "thirdKanji": "三句",
      "translation": "歌の訳",
    },
    Object {
      "color": "pink",
      "creator": "詠み手",
      "fifthKana": "ごく",
      "fifthKanji": "五句",
      "firstKana": "しょく",
      "firstKanji": "初句",
      "fourthKana": "よんく",
      "fourthKanji": "四句",
      "id": "54",
      "imageNo": "001",
      "kimariji": 4,
      "no": 54,
      "secondKana": "にく",
      "secondKanji": "二句",
      "thirdKana": "さんく",
      "thirdKanji": "三句",
      "translation": "歌の訳",
    },
    Object {
      "color": "pink",
      "creator": "詠み手",
      "fifthKana": "ごく",
      "fifthKanji": "五句",
      "firstKana": "しょく",
      "firstKanji": "初句",
      "fourthKana": "よんく",
      "fourthKanji": "四句",
      "id": "55",
      "imageNo": "001",
      "kimariji": 5,
      "no": 55,
      "secondKana": "にく",
      "secondKanji": "二句",
      "thirdKana": "さんく",
      "thirdKanji": "三句",
      "translation": "歌の訳",
    },
    Object {
      "color": "pink",
      "creator": "詠み手",
      "fifthKana": "ごく",
      "fifthKanji": "五句",
      "firstKana": "しょく",
      "firstKanji": "初句",
      "fourthKana": "よんく",
      "fourthKanji": "四句",
      "id": "56",
      "imageNo": "001",
      "kimariji": 1,
      "no": 56,
      "secondKana": "にく",
      "secondKanji": "二句",
      "thirdKana": "さんく",
      "thirdKanji": "三句",
      "translation": "歌の訳",
    },
    Object {
      "color": "pink",
      "creator": "詠み手",
      "fifthKana": "ごく",
      "fifthKanji": "五句",
      "firstKana": "しょく",
      "firstKanji": "初句",
      "fourthKana": "よんく",
      "fourthKanji": "四句",
      "id": "57",
      "imageNo": "001",
      "kimariji": 2,
      "no": 57,
      "secondKana": "にく",
      "secondKanji": "二句",
      "thirdKana": "さんく",
      "thirdKanji": "三句",
      "translation": "歌の訳",
    },
    Object {
      "color": "pink",
      "creator": "詠み手",
      "fifthKana": "ごく",
      "fifthKanji": "五句",
      "firstKana": "しょく",
      "firstKanji": "初句",
      "fourthKana": "よんく",
      "fourthKanji": "四句",
      "id": "58",
      "imageNo": "001",
      "kimariji": 3,
      "no": 58,
      "secondKana": "にく",
      "secondKanji": "二句",
      "thirdKana": "さんく",
      "thirdKanji": "三句",
      "translation": "歌の訳",
    },
    Object {
      "color": "pink",
      "creator": "詠み手",
      "fifthKana": "ごく",
      "fifthKanji": "五句",
      "firstKana": "しょく",
      "firstKanji": "初句",
      "fourthKana": "よんく",
      "fourthKanji": "四句",
      "id": "59",
      "imageNo": "001",
      "kimariji": 4,
      "no": 59,
      "secondKana": "にく",
      "secondKanji": "二句",
      "thirdKana": "さんく",
      "thirdKanji": "三句",
      "translation": "歌の訳",
    },
    Object {
      "color": "pink",
      "creator": "詠み手",
      "fifthKana": "ごく",
      "fifthKanji": "五句",
      "firstKana": "しょく",
      "firstKanji": "初句",
      "fourthKana": "よんく",
      "fourthKanji": "四句",
      "id": "60",
      "imageNo": "001",
      "kimariji": 5,
      "no": 60,
      "secondKana": "にく",
      "secondKanji": "二句",
      "thirdKana": "さんく",
      "thirdKanji": "三句",
      "translation": "歌の訳",
    },
    Object {
      "color": "pink",
      "creator": "詠み手",
      "fifthKana": "ごく",
      "fifthKanji": "五句",
      "firstKana": "しょく",
      "firstKanji": "初句",
      "fourthKana": "よんく",
      "fourthKanji": "四句",
      "id": "61",
      "imageNo": "001",
      "kimariji": 1,
      "no": 61,
      "secondKana": "にく",
      "secondKanji": "二句",
      "thirdKana": "さんく",
      "thirdKanji": "三句",
      "translation": "歌の訳",
    },
    Object {
      "color": "pink",
      "creator": "詠み手",
      "fifthKana": "ごく",
      "fifthKanji": "五句",
      "firstKana": "しょく",
      "firstKanji": "初句",
      "fourthKana": "よんく",
      "fourthKanji": "四句",
      "id": "62",
      "imageNo": "001",
      "kimariji": 2,
      "no": 62,
      "secondKana": "にく",
      "secondKanji": "二句",
      "thirdKana": "さんく",
      "thirdKanji": "三句",
      "translation": "歌の訳",
    },
    Object {
      "color": "pink",
      "creator": "詠み手",
      "fifthKana": "ごく",
      "fifthKanji": "五句",
      "firstKana": "しょく",
      "firstKanji": "初句",
      "fourthKana": "よんく",
      "fourthKanji": "四句",
      "id": "63",
      "imageNo": "001",
      "kimariji": 3,
      "no": 63,
      "secondKana": "にく",
      "secondKanji": "二句",
      "thirdKana": "さんく",
      "thirdKanji": "三句",
      "translation": "歌の訳",
    },
    Object {
      "color": "pink",
      "creator": "詠み手",
      "fifthKana": "ごく",
      "fifthKanji": "五句",
      "firstKana": "しょく",
      "firstKanji": "初句",
      "fourthKana": "よんく",
      "fourthKanji": "四句",
      "id": "64",
      "imageNo": "001",
      "kimariji": 4,
      "no": 64,
      "secondKana": "にく",
      "secondKanji": "二句",
      "thirdKana": "さんく",
      "thirdKanji": "三句",
      "translation": "歌の訳",
    },
    Object {
      "color": "pink",
      "creator": "詠み手",
      "fifthKana": "ごく",
      "fifthKanji": "五句",
      "firstKana": "しょく",
      "firstKanji": "初句",
      "fourthKana": "よんく",
      "fourthKanji": "四句",
      "id": "65",
      "imageNo": "001",
      "kimariji": 5,
      "no": 65,
      "secondKana": "にく",
      "secondKanji": "二句",
      "thirdKana": "さんく",
      "thirdKanji": "三句",
      "translation": "歌の訳",
    },
    Object {
      "color": "pink",
      "creator": "詠み手",
      "fifthKana": "ごく",
      "fifthKanji": "五句",
      "firstKana": "しょく",
      "firstKanji": "初句",
      "fourthKana": "よんく",
      "fourthKanji": "四句",
      "id": "66",
      "imageNo": "001",
      "kimariji": 1,
      "no": 66,
      "secondKana": "にく",
      "secondKanji": "二句",
      "thirdKana": "さんく",
      "thirdKanji": "三句",
      "translation": "歌の訳",
    },
    Object {
      "color": "pink",
      "creator": "詠み手",
      "fifthKana": "ごく",
      "fifthKanji": "五句",
      "firstKana": "しょく",
      "firstKanji": "初句",
      "fourthKana": "よんく",
      "fourthKanji": "四句",
      "id": "67",
      "imageNo": "001",
      "kimariji": 2,
      "no": 67,
      "secondKana": "にく",
      "secondKanji": "二句",
      "thirdKana": "さんく",
      "thirdKanji": "三句",
      "translation": "歌の訳",
    },
    Object {
      "color": "pink",
      "creator": "詠み手",
      "fifthKana": "ごく",
      "fifthKanji": "五句",
      "firstKana": "しょく",
      "firstKanji": "初句",
      "fourthKana": "よんく",
      "fourthKanji": "四句",
      "id": "68",
      "imageNo": "001",
      "kimariji": 3,
      "no": 68,
      "secondKana": "にく",
      "secondKanji": "二句",
      "thirdKana": "さんく",
      "thirdKanji": "三句",
      "translation": "歌の訳",
    },
    Object {
      "color": "pink",
      "creator": "詠み手",
      "fifthKana": "ごく",
      "fifthKanji": "五句",
      "firstKana": "しょく",
      "firstKanji": "初句",
      "fourthKana": "よんく",
      "fourthKanji": "四句",
      "id": "69",
      "imageNo": "001",
      "kimariji": 4,
      "no": 69,
      "secondKana": "にく",
      "secondKanji": "二句",
      "thirdKana": "さんく",
      "thirdKanji": "三句",
      "translation": "歌の訳",
    },
    Object {
      "color": "pink",
      "creator": "詠み手",
      "fifthKana": "ごく",
      "fifthKanji": "五句",
      "firstKana": "しょく",
      "firstKanji": "初句",
      "fourthKana": "よんく",
      "fourthKanji": "四句",
      "id": "70",
      "imageNo": "001",
      "kimariji": 5,
      "no": 70,
      "secondKana": "にく",
      "secondKanji": "二句",
      "thirdKana": "さんく",
      "thirdKanji": "三句",
      "translation": "歌の訳",
    },
    Object {
      "color": "pink",
      "creator": "詠み手",
      "fifthKana": "ごく",
      "fifthKanji": "五句",
      "firstKana": "しょく",
      "firstKanji": "初句",
      "fourthKana": "よんく",
      "fourthKanji": "四句",
      "id": "71",
      "imageNo": "001",
      "kimariji": 1,
      "no": 71,
      "secondKana": "にく",
      "secondKanji": "二句",
      "thirdKana": "さんく",
      "thirdKanji": "三句",
      "translation": "歌の訳",
    },
    Object {
      "color": "pink",
      "creator": "詠み手",
      "fifthKana": "ごく",
      "fifthKanji": "五句",
      "firstKana": "しょく",
      "firstKanji": "初句",
      "fourthKana": "よんく",
      "fourthKanji": "四句",
      "id": "72",
      "imageNo": "001",
      "kimariji": 2,
      "no": 72,
      "secondKana": "にく",
      "secondKanji": "二句",
      "thirdKana": "さんく",
      "thirdKanji": "三句",
      "translation": "歌の訳",
    },
    Object {
      "color": "pink",
      "creator": "詠み手",
      "fifthKana": "ごく",
      "fifthKanji": "五句",
      "firstKana": "しょく",
      "firstKanji": "初句",
      "fourthKana": "よんく",
      "fourthKanji": "四句",
      "id": "73",
      "imageNo": "001",
      "kimariji": 3,
      "no": 73,
      "secondKana": "にく",
      "secondKanji": "二句",
      "thirdKana": "さんく",
      "thirdKanji": "三句",
      "translation": "歌の訳",
    },
    Object {
      "color": "pink",
      "creator": "詠み手",
      "fifthKana": "ごく",
      "fifthKanji": "五句",
      "firstKana": "しょく",
      "firstKanji": "初句",
      "fourthKana": "よんく",
      "fourthKanji": "四句",
      "id": "74",
      "imageNo": "001",
      "kimariji": 4,
      "no": 74,
      "secondKana": "にく",
      "secondKanji": "二句",
      "thirdKana": "さんく",
      "thirdKanji": "三句",
      "translation": "歌の訳",
    },
    Object {
      "color": "pink",
      "creator": "詠み手",
      "fifthKana": "ごく",
      "fifthKanji": "五句",
      "firstKana": "しょく",
      "firstKanji": "初句",
      "fourthKana": "よんく",
      "fourthKanji": "四句",
      "id": "75",
      "imageNo": "001",
      "kimariji": 5,
      "no": 75,
      "secondKana": "にく",
      "secondKanji": "二句",
      "thirdKana": "さんく",
      "thirdKanji": "三句",
      "translation": "歌の訳",
    },
    Object {
      "color": "pink",
      "creator": "詠み手",
      "fifthKana": "ごく",
      "fifthKanji": "五句",
      "firstKana": "しょく",
      "firstKanji": "初句",
      "fourthKana": "よんく",
      "fourthKanji": "四句",
      "id": "76",
      "imageNo": "001",
      "kimariji": 1,
      "no": 76,
      "secondKana": "にく",
      "secondKanji": "二句",
      "thirdKana": "さんく",
      "thirdKanji": "三句",
      "translation": "歌の訳",
    },
    Object {
      "color": "pink",
      "creator": "詠み手",
      "fifthKana": "ごく",
      "fifthKanji": "五句",
      "firstKana": "しょく",
      "firstKanji": "初句",
      "fourthKana": "よんく",
      "fourthKanji": "四句",
      "id": "77",
      "imageNo": "001",
      "kimariji": 2,
      "no": 77,
      "secondKana": "にく",
      "secondKanji": "二句",
      "thirdKana": "さんく",
      "thirdKanji": "三句",
      "translation": "歌の訳",
    },
    Object {
      "color": "pink",
      "creator": "詠み手",
      "fifthKana": "ごく",
      "fifthKanji": "五句",
      "firstKana": "しょく",
      "firstKanji": "初句",
      "fourthKana": "よんく",
      "fourthKanji": "四句",
      "id": "78",
      "imageNo": "001",
      "kimariji": 3,
      "no": 78,
      "secondKana": "にく",
      "secondKanji": "二句",
      "thirdKana": "さんく",
      "thirdKanji": "三句",
      "translation": "歌の訳",
    },
    Object {
      "color": "pink",
      "creator": "詠み手",
      "fifthKana": "ごく",
      "fifthKanji": "五句",
      "firstKana": "しょく",
      "firstKanji": "初句",
      "fourthKana": "よんく",
      "fourthKanji": "四句",
      "id": "79",
      "imageNo": "001",
      "kimariji": 4,
      "no": 79,
      "secondKana": "にく",
      "secondKanji": "二句",
      "thirdKana": "さんく",
      "thirdKanji": "三句",
      "translation": "歌の訳",
    },
    Object {
      "color": "pink",
      "creator": "詠み手",
      "fifthKana": "ごく",
      "fifthKanji": "五句",
      "firstKana": "しょく",
      "firstKanji": "初句",
      "fourthKana": "よんく",
      "fourthKanji": "四句",
      "id": "80",
      "imageNo": "001",
      "kimariji": 5,
      "no": 80,
      "secondKana": "にく",
      "secondKanji": "二句",
      "thirdKana": "さんく",
      "thirdKanji": "三句",
      "translation": "歌の訳",
    },
    Object {
      "color": "pink",
      "creator": "詠み手",
      "fifthKana": "ごく",
      "fifthKanji": "五句",
      "firstKana": "しょく",
      "firstKanji": "初句",
      "fourthKana": "よんく",
      "fourthKanji": "四句",
      "id": "81",
      "imageNo": "001",
      "kimariji": 1,
      "no": 81,
      "secondKana": "にく",
      "secondKanji": "二句",
      "thirdKana": "さんく",
      "thirdKanji": "三句",
      "translation": "歌の訳",
    },
    Object {
      "color": "pink",
      "creator": "詠み手",
      "fifthKana": "ごく",
      "fifthKanji": "五句",
      "firstKana": "しょく",
      "firstKanji": "初句",
      "fourthKana": "よんく",
      "fourthKanji": "四句",
      "id": "82",
      "imageNo": "001",
      "kimariji": 2,
      "no": 82,
      "secondKana": "にく",
      "secondKanji": "二句",
      "thirdKana": "さんく",
      "thirdKanji": "三句",
      "translation": "歌の訳",
    },
    Object {
      "color": "pink",
      "creator": "詠み手",
      "fifthKana": "ごく",
      "fifthKanji": "五句",
      "firstKana": "しょく",
      "firstKanji": "初句",
      "fourthKana": "よんく",
      "fourthKanji": "四句",
      "id": "83",
      "imageNo": "001",
      "kimariji": 3,
      "no": 83,
      "secondKana": "にく",
      "secondKanji": "二句",
      "thirdKana": "さんく",
      "thirdKanji": "三句",
      "translation": "歌の訳",
    },
    Object {
      "color": "pink",
      "creator": "詠み手",
      "fifthKana": "ごく",
      "fifthKanji": "五句",
      "firstKana": "しょく",
      "firstKanji": "初句",
      "fourthKana": "よんく",
      "fourthKanji": "四句",
      "id": "84",
      "imageNo": "001",
      "kimariji": 4,
      "no": 84,
      "secondKana": "にく",
      "secondKanji": "二句",
      "thirdKana": "さんく",
      "thirdKanji": "三句",
      "translation": "歌の訳",
    },
    Object {
      "color": "pink",
      "creator": "詠み手",
      "fifthKana": "ごく",
      "fifthKanji": "五句",
      "firstKana": "しょく",
      "firstKanji": "初句",
      "fourthKana": "よんく",
      "fourthKanji": "四句",
      "id": "85",
      "imageNo": "001",
      "kimariji": 5,
      "no": 85,
      "secondKana": "にく",
      "secondKanji": "二句",
      "thirdKana": "さんく",
      "thirdKanji": "三句",
      "translation": "歌の訳",
    },
    Object {
      "color": "pink",
      "creator": "詠み手",
      "fifthKana": "ごく",
      "fifthKanji": "五句",
      "firstKana": "しょく",
      "firstKanji": "初句",
      "fourthKana": "よんく",
      "fourthKanji": "四句",
      "id": "86",
      "imageNo": "001",
      "kimariji": 1,
      "no": 86,
      "secondKana": "にく",
      "secondKanji": "二句",
      "thirdKana": "さんく",
      "thirdKanji": "三句",
      "translation": "歌の訳",
    },
    Object {
      "color": "pink",
      "creator": "詠み手",
      "fifthKana": "ごく",
      "fifthKanji": "五句",
      "firstKana": "しょく",
      "firstKanji": "初句",
      "fourthKana": "よんく",
      "fourthKanji": "四句",
      "id": "87",
      "imageNo": "001",
      "kimariji": 2,
      "no": 87,
      "secondKana": "にく",
      "secondKanji": "二句",
      "thirdKana": "さんく",
      "thirdKanji": "三句",
      "translation": "歌の訳",
    },
    Object {
      "color": "pink",
      "creator": "詠み手",
      "fifthKana": "ごく",
      "fifthKanji": "五句",
      "firstKana": "しょく",
      "firstKanji": "初句",
      "fourthKana": "よんく",
      "fourthKanji": "四句",
      "id": "88",
      "imageNo": "001",
      "kimariji": 3,
      "no": 88,
      "secondKana": "にく",
      "secondKanji": "二句",
      "thirdKana": "さんく",
      "thirdKanji": "三句",
      "translation": "歌の訳",
    },
    Object {
      "color": "pink",
      "creator": "詠み手",
      "fifthKana": "ごく",
      "fifthKanji": "五句",
      "firstKana": "しょく",
      "firstKanji": "初句",
      "fourthKana": "よんく",
      "fourthKanji": "四句",
      "id": "89",
      "imageNo": "001",
      "kimariji": 4,
      "no": 89,
      "secondKana": "にく",
      "secondKanji": "二句",
      "thirdKana": "さんく",
      "thirdKanji": "三句",
      "translation": "歌の訳",
    },
    Object {
      "color": "pink",
      "creator": "詠み手",
      "fifthKana": "ごく",
      "fifthKanji": "五句",
      "firstKana": "しょく",
      "firstKanji": "初句",
      "fourthKana": "よんく",
      "fourthKanji": "四句",
      "id": "90",
      "imageNo": "001",
      "kimariji": 5,
      "no": 90,
      "secondKana": "にく",
      "secondKanji": "二句",
      "thirdKana": "さんく",
      "thirdKanji": "三句",
      "translation": "歌の訳",
    },
    Object {
      "color": "pink",
      "creator": "詠み手",
      "fifthKana": "ごく",
      "fifthKanji": "五句",
      "firstKana": "しょく",
      "firstKanji": "初句",
      "fourthKana": "よんく",
      "fourthKanji": "四句",
      "id": "91",
      "imageNo": "001",
      "kimariji": 1,
      "no": 91,
      "secondKana": "にく",
      "secondKanji": "二句",
      "thirdKana": "さんく",
      "thirdKanji": "三句",
      "translation": "歌の訳",
    },
    Object {
      "color": "pink",
      "creator": "詠み手",
      "fifthKana": "ごく",
      "fifthKanji": "五句",
      "firstKana": "しょく",
      "firstKanji": "初句",
      "fourthKana": "よんく",
      "fourthKanji": "四句",
      "id": "92",
      "imageNo": "001",
      "kimariji": 2,
      "no": 92,
      "secondKana": "にく",
      "secondKanji": "二句",
      "thirdKana": "さんく",
      "thirdKanji": "三句",
      "translation": "歌の訳",
    },
    Object {
      "color": "pink",
      "creator": "詠み手",
      "fifthKana": "ごく",
      "fifthKanji": "五句",
      "firstKana": "しょく",
      "firstKanji": "初句",
      "fourthKana": "よんく",
      "fourthKanji": "四句",
      "id": "93",
      "imageNo": "001",
      "kimariji": 3,
      "no": 93,
      "secondKana": "にく",
      "secondKanji": "二句",
      "thirdKana": "さんく",
      "thirdKanji": "三句",
      "translation": "歌の訳",
    },
    Object {
      "color": "pink",
      "creator": "詠み手",
      "fifthKana": "ごく",
      "fifthKanji": "五句",
      "firstKana": "しょく",
      "firstKanji": "初句",
      "fourthKana": "よんく",
      "fourthKanji": "四句",
      "id": "94",
      "imageNo": "001",
      "kimariji": 4,
      "no": 94,
      "secondKana": "にく",
      "secondKanji": "二句",
      "thirdKana": "さんく",
      "thirdKanji": "三句",
      "translation": "歌の訳",
    },
    Object {
      "color": "pink",
      "creator": "詠み手",
      "fifthKana": "ごく",
      "fifthKanji": "五句",
      "firstKana": "しょく",
      "firstKanji": "初句",
      "fourthKana": "よんく",
      "fourthKanji": "四句",
      "id": "95",
      "imageNo": "001",
      "kimariji": 5,
      "no": 95,
      "secondKana": "にく",
      "secondKanji": "二句",
      "thirdKana": "さんく",
      "thirdKanji": "三句",
      "translation": "歌の訳",
    },
    Object {
      "color": "pink",
      "creator": "詠み手",
      "fifthKana": "ごく",
      "fifthKanji": "五句",
      "firstKana": "しょく",
      "firstKanji": "初句",
      "fourthKana": "よんく",
      "fourthKanji": "四句",
      "id": "96",
      "imageNo": "001",
      "kimariji": 1,
      "no": 96,
      "secondKana": "にく",
      "secondKanji": "二句",
      "thirdKana": "さんく",
      "thirdKanji": "三句",
      "translation": "歌の訳",
    },
    Object {
      "color": "pink",
      "creator": "詠み手",
      "fifthKana": "ごく",
      "fifthKanji": "五句",
      "firstKana": "しょく",
      "firstKanji": "初句",
      "fourthKana": "よんく",
      "fourthKanji": "四句",
      "id": "97",
      "imageNo": "001",
      "kimariji": 2,
      "no": 97,
      "secondKana": "にく",
      "secondKanji": "二句",
      "thirdKana": "さんく",
      "thirdKanji": "三句",
      "translation": "歌の訳",
    },
    Object {
      "color": "pink",
      "creator": "詠み手",
      "fifthKana": "ごく",
      "fifthKanji": "五句",
      "firstKana": "しょく",
      "firstKanji": "初句",
      "fourthKana": "よんく",
      "fourthKanji": "四句",
      "id": "98",
      "imageNo": "001",
      "kimariji": 3,
      "no": 98,
      "secondKana": "にく",
      "secondKanji": "二句",
      "thirdKana": "さんく",
      "thirdKanji": "三句",
      "translation": "歌の訳",
    },
    Object {
      "color": "pink",
      "creator": "詠み手",
      "fifthKana": "ごく",
      "fifthKanji": "五句",
      "firstKana": "しょく",
      "firstKanji": "初句",
      "fourthKana": "よんく",
      "fourthKanji": "四句",
      "id": "99",
      "imageNo": "001",
      "kimariji": 4,
      "no": 99,
      "secondKana": "にく",
      "secondKanji": "二句",
      "thirdKana": "さんく",
      "thirdKanji": "三句",
      "translation": "歌の訳",
    },
    Object {
      "color": "pink",
      "creator": "詠み手",
      "fifthKana": "ごく",
      "fifthKanji": "五句",
      "firstKana": "しょく",
      "firstKanji": "初句",
      "fourthKana": "よんく",
      "fourthKanji": "四句",
      "id": "100",
      "imageNo": "001",
      "kimariji": 5,
      "no": 100,
      "secondKana": "にく",
      "secondKanji": "二句",
      "thirdKana": "さんく",
      "thirdKanji": "三句",
      "translation": "歌の訳",
    },
  ],
  "lastStartedTime": 11000,
  "question": Object {
    "correctKaruta": Object {
      "color": "blue",
      "creator": "詠み手",
      "fifthKana": "ごく",
      "fifthKanji": "五句",
      "firstKana": "しょく",
      "firstKanji": "初句",
      "fourthKana": "よんく",
      "fourthKanji": "四句",
      "id": 504,
      "imageNo": "001",
      "kimariji": 1,
      "no": 1,
      "secondKana": "にく",
      "secondKanji": "二句",
      "thirdKana": "さんく",
      "thirdKanji": "三句",
      "translation": "歌の訳",
    },
    "id": 1,
    "toriFudas": Array [
      Object {
        "fifthText": "ごく",
        "fourthText": "よんく",
        "karutaNo": 1,
        "questionId": 1,
      },
      Object {
        "fifthText": "ごく",
        "fourthText": "よんく",
        "karutaNo": 1,
        "questionId": 1,
      },
      Object {
        "fifthText": "ごく",
        "fourthText": "よんく",
        "karutaNo": 1,
        "questionId": 1,
      },
      Object {
        "fifthText": "ごく",
        "fourthText": "よんく",
        "karutaNo": 1,
        "questionId": 1,
      },
    ],
    "yomiFuda": Object {
      "firstText": "初句",
      "karutaNo": 1,
      "questionId": 1,
      "secondText": "二句",
      "thirdText": "三句",
    },
  },
  "questionState": 3,
  "submitTime": 1000,
  "totalCount": 1,
}
`;
