// Jest Snapshot v1, https://goo.gl/fbAQLP

exports[`<Progress /> should render component 1`] = `
<div
  className="sc-bdVaJa fmvnED"
>
  <div
    className="MuiCircularProgress-root-1 MuiCircularProgress-colorPrimary-4 MuiCircularProgress-indeterminate-3"
    role="progressbar"
    style={
      Object {
        "color": "#689F38",
        "height": 64,
        "width": 64,
      }
    }
  >
    <svg
      className="MuiCircularProgress-svg-6"
      viewBox="22 22 44 44"
    >
      <circle
        className="MuiCircularProgress-circle-7 MuiCircularProgress-circleIndeterminate-9"
        cx={44}
        cy={44}
        fill="none"
        r={20.2}
        strokeWidth={3.6}
        style={Object {}}
      />
    </svg>
  </div>
  <div
    className="sc-bwzfXH jeCWiS"
  >
    　　　百人一首 準備中。。。
  </div>
</div>
`;
