// Jest Snapshot v1, https://goo.gl/fbAQLP

exports[`/about should render component 1`] = `
Array [
  <header
    className="sc-bwzfXH geYBAS"
  >
    <div
      className="sc-bdVaJa flBAph"
      onMouseDown={[Function]}
      onMouseUp={[Function]}
    >
      <i
        className="material-icons sc-bxivhb jrBfKJ"
        color="#fff"
        data-test="back"
        onClick={[Function]}
      >
        arrow_back
      </i>
    </div>
    <h1
      className="sc-htpNat eSnwWs"
    >
      百人一首 - サイトについて -
    </h1>
  </header>,
  <div
    className="sc-htoDjs dfwcpY"
  >
    <div
      className="sc-fjdhpX gNyWJC"
    >
      <section
        className="sc-jzJRlG fsWdXU"
      >
        <h1
          className="sc-cSHVUG eJSQJf"
        >
          サイトについて
        </h1>
        <div
          className="sc-kAzzGY hkVRDm"
        >
          このサイトは百人一首を覚えるためのサイトです。4択のクイズ形式で繰り返し練習することで効率よく百人一首を覚えることが出来ます。
        </div>
      </section>
      <div
        className="sc-gZMcBi iXZiBx"
      >
        <div
          className="sc-gqjmRU cCYYjG"
        >
          この欄は広告枠です
        </div>
      </div>
      <section
        className="sc-jzJRlG fsWdXU"
      >
        <h1
          className="sc-cSHVUG eJSQJf"
        >
          使い方について
        </h1>
        <div
          className="sc-kAzzGY hkVRDm"
        >
          練習では様々な条件を組み合わせて出題範囲を指定できます。ご自身の習熟度に合わせて効率よく練習できます。 もう全部覚えたという方は腕試しに挑戦しましょう。百首通しでランダムに出題されます。 資料では百人一首の詳細な情報を閲覧できます。決まり字や歌の現代語訳などを確認することができます。
        </div>
      </section>
      <div
        className="sc-VigVT ieiGAu"
      >
        <div
          className="sc-jTzLTM ljXwZC"
        >
          この欄は広告枠です
        </div>
      </div>
      <section
        className="sc-jzJRlG fsWdXU"
      >
        <h1
          className="sc-cSHVUG eJSQJf"
        >
          アプリ版について
        </h1>
        <div
          className="sc-kAzzGY hkVRDm"
        >
          Androidのみリリースしています。こちらは一旦インストールしていただけばオフラインでも使えます。iOS版は未定ですが、要望があればがんばります。
        </div>
        <div
          className="sc-chPdSV kzZEeT"
        >
          <a
            href="https://play.google.com/store/apps/details?id=me.rei_m.hyakuninisshu&hl=ja&pcampaignid=MKT-Other-global-all-co-prtnr-py-PartBadge-Mar2515-1"
          >
            <img
              alt="Google Play で手に入れよう"
              src="https://play.google.com/intl/en_us/badges/images/generic/ja_badge_web_generic.png"
              style={
                Object {
                  "margin": "auto",
                  "width": 200,
                }
              }
            />
          </a>
        </div>
      </section>
      <section
        className="sc-jzJRlG fsWdXU"
      >
        <h1
          className="sc-cSHVUG eJSQJf"
        >
          運営者について
        </h1>
        <div
          className="sc-kAzzGY hkVRDm"
        >
          当サイトは
          <a
            href="https://twitter.com/rei_m"
            target="_blank"
          >
            @rei_m
          </a>
          が個人で運営しています。不具合や要望等あればTwitterまでご連絡ください。 アプリのレビューで読み上げ機能が欲しいというお声をいただくのですが、使用可能ないい音源があれば搭載します。
        </div>
      </section>
      <section
        className="sc-jzJRlG fsWdXU"
      >
        <h1
          className="sc-cSHVUG eJSQJf"
        >
          プライバシー ポリシー
        </h1>
        <div
          className="sc-kAzzGY hkVRDm"
        >
          サイトの利用状況の把握や広告配信のためにGoogle社が提供しているサービスを利用しております。詳しくは
          <a
            href="https://rei-m.github.io/app/policy/"
            target="_blank"
          >
            こちら
          </a>
          から確認ください。
        </div>
      </section>
    </div>
  </div>,
  <nav
    className="sc-bZQynM gfjWgY"
  >
    <span
      className="sc-gzVnrw klvbjl"
    >
      <div
        className="sc-bdVaJa flBAph"
        onMouseDown={[Function]}
        onMouseUp={[Function]}
      >
        <a
          color="#fff"
          href="/training"
          style={
            Object {
              "height": "100%",
              "width": "100%",
            }
          }
        >
          <i
            className="material-icons sc-EHOje evPMQv"
          >
            create
          </i>
        </a>
      </div>
    </span>
    <span
      className="sc-gzVnrw klvbjl"
    >
      <div
        className="sc-bdVaJa flBAph"
        onMouseDown={[Function]}
        onMouseUp={[Function]}
      >
        <a
          color="#fff"
          href="/exam"
          style={
            Object {
              "height": "100%",
              "width": "100%",
            }
          }
        >
          <i
            className="material-icons sc-EHOje gwxweT"
          >
            note
          </i>
        </a>
      </div>
    </span>
    <span
      className="sc-gzVnrw klvbjl"
    >
      <div
        className="sc-bdVaJa flBAph"
        onMouseDown={[Function]}
        onMouseUp={[Function]}
      >
        <a
          color="#fff"
          href="/karutas"
          style={
            Object {
              "height": "100%",
              "width": "100%",
            }
          }
        >
          <i
            className="material-icons sc-EHOje kZpNpk"
          >
            library_books
          </i>
        </a>
      </div>
    </span>
    <span
      className="sc-gzVnrw klvbjl"
    >
      <div
        className="sc-bdVaJa flBAph"
        onMouseDown={[Function]}
        onMouseUp={[Function]}
      >
        <a
          color="#fff"
          href="/about"
          style={
            Object {
              "height": "100%",
              "width": "100%",
            }
          }
        >
          <i
            className="material-icons sc-EHOje gbwtfN"
          >
            settings
          </i>
        </a>
      </div>
    </span>
  </nav>,
]
`;
