// Jest Snapshot v1, https://goo.gl/fbAQLP

exports[`/about should render component 1`] = `
Array [
  <header
    className="sc-bwzfXH geYBAS"
  >
    <div
      className="sc-bdVaJa flBAph"
      onMouseDown={[Function]}
      onMouseUp={[Function]}
    >
      <span
        className="sc-bxivhb iUaUQC"
        data-test="back"
        onClick={[Function]}
      >
        <svg
          aria-hidden="true"
          className="MuiSvgIcon-root-1"
          focusable="false"
          role="presentation"
          viewBox="0 0 24 24"
        >
          <path
            d="M0 0h24v24H0z"
            fill="none"
          />
          <path
            d="M20 11H7.83l5.59-5.59L12 4l-8 8 8 8 1.41-1.41L7.83 13H20v-2z"
          />
        </svg>
      </span>
    </div>
    <h1
      className="sc-htpNat eSnwWs"
    >
      百人一首 - サイトについて -
    </h1>
  </header>,
  <div
    className="sc-gzVnrw hzJxWQ"
  >
    <div
      className="sc-jTzLTM gfFYMq"
    >
      <section
        className="sc-fjdhpX effReG"
      >
        <h1
          className="sc-jzJRlG jeyZyI"
        >
          サイトについて
        </h1>
        <div
          className="sc-cSHVUG fwiYrT"
        >
          このサイトは百人一首を覚えるためのサイトです。4択のクイズ形式で繰り返し練習することで効率よく百人一首を覚えることが出来ます。
        </div>
      </section>
      <div
        className="sc-iwsKbI hDfyDa"
      >
        <div
          className="sc-gZMcBi eXoTgE"
        >
          この欄は広告枠です
        </div>
      </div>
      <section
        className="sc-fjdhpX effReG"
      >
        <h1
          className="sc-jzJRlG jeyZyI"
        >
          使い方について
        </h1>
        <div
          className="sc-cSHVUG fwiYrT"
        >
          練習では様々な条件を組み合わせて出題範囲を指定できます。ご自身の習熟度に合わせて効率よく練習できます。 もう全部覚えたという方は腕試しに挑戦しましょう。百首通しでランダムに出題されます。 資料では百人一首の詳細な情報を閲覧できます。決まり字や歌の現代語訳などを確認することができます。
        </div>
      </section>
      <div
        className="sc-gqjmRU dIdbVO"
      >
        <div
          className="sc-VigVT cYoXur"
        >
          この欄は広告枠です
        </div>
      </div>
      <section
        className="sc-fjdhpX effReG"
      >
        <h1
          className="sc-jzJRlG jeyZyI"
        >
          アプリ版について
        </h1>
        <div
          className="sc-cSHVUG fwiYrT"
        >
          Androidのみリリースしています。こちらは一旦インストールしていただけばオフラインでも使えます。iOS版は未定ですが、要望があればがんばります。
        </div>
        <div
          className="sc-kAzzGY ciXhiV"
        >
          <a
            href="https://play.google.com/store/apps/details?id=me.rei_m.hyakuninisshu&hl=ja&pcampaignid=MKT-Other-global-all-co-prtnr-py-PartBadge-Mar2515-1"
          >
            <img
              alt="Google Play で手に入れよう"
              src="https://play.google.com/intl/en_us/badges/images/generic/ja_badge_web_generic.png"
              style={
                Object {
                  "margin": "auto",
                  "width": 200,
                }
              }
            />
          </a>
        </div>
      </section>
      <section
        className="sc-fjdhpX effReG"
      >
        <h1
          className="sc-jzJRlG jeyZyI"
        >
          運営者について
        </h1>
        <div
          className="sc-cSHVUG fwiYrT"
        >
          当サイトは
          <a
            href="https://twitter.com/rei_m"
            target="_blank"
          >
            @rei_m
          </a>
          が個人で運営しています。不具合や要望等あればTwitterまでご連絡ください。 アプリのレビューで読み上げ機能が欲しいというお声をいただくのですが、使用可能ないい音源があれば搭載します。
        </div>
      </section>
      <section
        className="sc-fjdhpX effReG"
      >
        <h1
          className="sc-jzJRlG jeyZyI"
        >
          プライバシー ポリシー
        </h1>
        <div
          className="sc-cSHVUG fwiYrT"
        >
          サイトの利用状況の把握や広告配信のためにGoogle社が提供しているサービスを利用しております。詳しくは
          <a
            href="https://rei-m.github.io/app/policy/"
            target="_blank"
          >
            こちら
          </a>
          から確認ください。
        </div>
      </section>
    </div>
  </div>,
  <nav
    className="sc-EHOje extRj"
  >
    <span
      className="sc-bZQynM jmnWoK"
    >
      <div
        className="sc-bdVaJa flBAph"
        onMouseDown={[Function]}
        onMouseUp={[Function]}
      >
        <a
          href="/training"
          style={
            Object {
              "height": "100%",
              "width": "100%",
            }
          }
        >
          <span
            className="sc-ifAKCX xOgRI"
          >
            <svg
              aria-hidden="true"
              className="MuiSvgIcon-root-1"
              focusable="false"
              role="presentation"
              style={
                Object {
                  "fontSize": undefined,
                }
              }
              viewBox="0 0 24 24"
            >
              <path
                d="M3 17.25V21h3.75L17.81 9.94l-3.75-3.75L3 17.25zM20.71 7.04c.39-.39.39-1.02 0-1.41l-2.34-2.34a.9959.9959 0 0 0-1.41 0l-1.83 1.83 3.75 3.75 1.83-1.83z"
              />
              <path
                d="M0 0h24v24H0z"
                fill="none"
              />
            </svg>
          </span>
        </a>
      </div>
    </span>
    <span
      className="sc-bZQynM jmnWoK"
    >
      <div
        className="sc-bdVaJa flBAph"
        onMouseDown={[Function]}
        onMouseUp={[Function]}
      >
        <a
          href="/exam"
          style={
            Object {
              "height": "100%",
              "width": "100%",
            }
          }
        >
          <span
            className="sc-ifAKCX hcwVar"
          >
            <svg
              aria-hidden="true"
              className="MuiSvgIcon-root-1"
              focusable="false"
              role="presentation"
              style={
                Object {
                  "fontSize": undefined,
                }
              }
              viewBox="0 0 24 24"
            >
              <path
                d="M22 10l-6-6H4c-1.1 0-2 .9-2 2v12.01c0 1.1.9 1.99 2 1.99l16-.01c1.1 0 2-.89 2-1.99v-8zm-7-4.5l5.5 5.5H15V5.5z"
              />
              <path
                d="M0 0h24v24H0V0z"
                fill="none"
              />
            </svg>
          </span>
        </a>
      </div>
    </span>
    <span
      className="sc-bZQynM jmnWoK"
    >
      <div
        className="sc-bdVaJa flBAph"
        onMouseDown={[Function]}
        onMouseUp={[Function]}
      >
        <a
          href="/karutas"
          style={
            Object {
              "height": "100%",
              "width": "100%",
            }
          }
        >
          <span
            className="sc-ifAKCX fGzQGR"
          >
            <svg
              aria-hidden="true"
              className="MuiSvgIcon-root-1"
              focusable="false"
              role="presentation"
              style={
                Object {
                  "fontSize": undefined,
                }
              }
              viewBox="0 0 24 24"
            >
              <path
                d="M0 0h24v24H0z"
                fill="none"
              />
              <path
                d="M4 6H2v14c0 1.1.9 2 2 2h14v-2H4V6zm16-4H8c-1.1 0-2 .9-2 2v12c0 1.1.9 2 2 2h12c1.1 0 2-.9 2-2V4c0-1.1-.9-2-2-2zm-1 9H9V9h10v2zm-4 4H9v-2h6v2zm4-8H9V5h10v2z"
              />
            </svg>
          </span>
        </a>
      </div>
    </span>
    <span
      className="sc-bZQynM jmnWoK"
    >
      <div
        className="sc-bdVaJa flBAph"
        onMouseDown={[Function]}
        onMouseUp={[Function]}
      >
        <a
          href="/about"
          style={
            Object {
              "height": "100%",
              "width": "100%",
            }
          }
        >
          <span
            className="sc-ifAKCX hUmcxf"
          >
            <svg
              aria-hidden="true"
              className="MuiSvgIcon-root-1"
              focusable="false"
              role="presentation"
              style={
                Object {
                  "fontSize": undefined,
                }
              }
              viewBox="0 0 24 24"
            >
              <path
                d="M0 0h20v20H0V0z"
                fill="none"
                transform="scale(1.2, 1.2)"
              />
              <path
                d="M15.95 10.78c.03-.25.05-.51.05-.78s-.02-.53-.06-.78l1.69-1.32c.15-.12.19-.34.1-.51l-1.6-2.77c-.1-.18-.31-.24-.49-.18l-1.99.8c-.42-.32-.86-.58-1.35-.78L12 2.34c-.03-.2-.2-.34-.4-.34H8.4c-.2 0-.36.14-.39.34l-.3 2.12c-.49.2-.94.47-1.35.78l-1.99-.8c-.18-.07-.39 0-.49.18l-1.6 2.77c-.1.18-.06.39.1.51l1.69 1.32c-.04.25-.07.52-.07.78s.02.53.06.78L2.37 12.1c-.15.12-.19.34-.1.51l1.6 2.77c.1.18.31.24.49.18l1.99-.8c.42.32.86.58 1.35.78l.3 2.12c.04.2.2.34.4.34h3.2c.2 0 .37-.14.39-.34l.3-2.12c.49-.2.94-.47 1.35-.78l1.99.8c.18.07.39 0 .49-.18l1.6-2.77c.1-.18.06-.39-.1-.51l-1.67-1.32zM10 13c-1.65 0-3-1.35-3-3s1.35-3 3-3 3 1.35 3 3-1.35 3-3 3z"
                transform="scale(1.2, 1.2)"
              />
            </svg>
          </span>
        </a>
      </div>
    </span>
  </nav>,
]
`;
